; This file was created by <author> using TECkitMappingEditorU.exe v4.0.0.0 on 30-09-2014.
;   Conversion Type = Unicode_to_from_Unicode
;   Left-hand side font = Charis SIL;14.25
;   Right-hand side font = ML-TTKarthika;12
;   Main Window Position = 0,0,683,728
;   Left-hand side Character Map Window Position = 897,4,463,443
;   Right-hand side Character Map Window Position = 709,123,627,488

LHSName                 "canonical name of the 'source' encoding or left-hand side of the conversion"
RHSName                 "canonical name of the 'target' encoding or right-hand side of the conversion"
LHSDescription          "description for the left-hand side of the mapping"
RHSDescription          "description for the right-hand side of the mapping"
Version                 "1"
Contact                 "mailto:user@addr"
RegistrationAuthority   "the organization responsible for the encoding"
RegistrationName        "the name and version of the mapping, as recognized by that authority"
Copyright               "© 2014 <CompanyName>. All rights reserved."
LHSFlags                ()
RHSFlags                ()

pass(Unicode_Byte)
byteClass[baseChr] = (0 .. 255)
uniClass[baseChr] = (0 .. 255)
'Π' <> 184
'ƒ' <> 196
'‚' <> 226
'≈' <> 197
'∂' <> 182 ;30
'™' <> 170
'√' <> 195
'Σ' <> 183
'≠' <> 173
'ø' <> 191
'‘' <> 212
'‰' <> 228
'≥' <> 179
'Ω' <> 189
'∞' <> 176 ;30
;'˛' <> 254
'‡' > 224
'≤' > 0xB2
'—' > 209
'›' > 221
'…' > 201
'μ' > 181
'Ÿ' > 217
'Δ' > 198
'∫' > 186
'’' > 213
'°' > 161
'ß' > 167
'º' > 0xBC
'Ø' > 0xAF
'¶' > 0xA6
'¬' > 0xC2
'¿' > 0xC0
'®' > 0xA8
'¥' > 0xB4
'∏' > 0xB8
'∑' > 0xB7
'´' > 0xAB
'¨' > 0xAC
'ﬁ' > 0xDE
'ÿ' > 0xD8
'≤' > 0xB0
'ﬂ' > 0xDF
'-' > 
' ' > 0xCA
'Ã' > 0xCC
'Æ' > 0xAE
'÷' > 0xD6
                    ; '•' > 0x23
'˛' > 0x2B 0x2B
[baseChr] <> [baseChr]

