; This file was created by Beniza using TECkitMappingEditorU.exe v3.0.1.0 on 11/26/2009.
;   Conversion Type = Legacy_to_from_Unicode
;   Left-hand side font = SHREE601;21.75
;   Right-hand side font = utkal;12
;   Main Window Position = 0,0,650,708
;   Left-hand side Character Map Window Position = 649,-8,631,442
;   Right-hand side Character Map Window Position = 648,359,632,407

EncodingName            "ORI_ShreeLipi2Unicode"
DescriptiveName         "To convert text in Oriya ShreeLipi font into Unicode"
Version                 "1"
Contact                 "mailto:beniza@gmail.com"
RegistrationAuthority   "beniza"
RegistrationName        "ORI_ShreeLipi2Unicode"
Copyright               "© 2009 beniza. Some rights reserved."
LHSFlags                ()
RHSFlags                ()

pass(Byte_Unicode)
ByteClass[ctr]=(0..32)
UniClass[ctr]=(0..32)
ByteClass[punc]=(40..47 58..61 63)
UniClass[punc]=(40..47 58..61 63)

[ctr] <> [ctr]
[punc] <> [punc]

; type a 'k' in the 'Left-side Sample' box below to see how this works.
33 <> 33
34 <> U+2018
35 <> oriya_isshar
36 <> oriya_sign_avagraha
37 <> 37
38 >
39 > U+2019
48 <> oriya_digit_zero
49 <> oriya_digit_one
50 <> oriya_digit_two
51 <> oriya_digit_three
52 <> oriya_digit_four
53 <> oriya_digit_five
54 <> oriya_digit_six
55 <> oriya_digit_seven
56 <> oriya_digit_eight
57 <> oriya_digit_nine
62 <>  U+007C
64 <> oriya_sign_visarga
65 <> oriya_letter_a
65 62 <> oriya_letter_aa
66 <> oriya_letter_i
67 <> oriya_letter_ii
68 <> oriya_letter_u
69 <> oriya_letter_uu
70 <> oriya_letter_e
71 <> oriya_letter_ai
72 <> oriya_letter_o
73 <> oriya_letter_au
74 > '?'
76 <> oriya_letter_ka
77 <> '?'
78 <> '?'
79 <> '?'
80 <> '?'
81 <> oriya_letter_kha
82 <> '?'
83 <> oriya_letter_ga
84 <> '?'
85 <> '?'
86 <> '?'
87 <> oriya_letter_gha
88 <> '?'
89 <> oriya_letter_nga
90 <> '?'
91 <> '?'
92 <> '?'
93 <> '?'
94 <> '?'
95 <> '?'
96 <> oriya_letter_ca
97 <> '?'
98 <> '?'
99 <> '?'
100 <> oriya_letter_cha
101  <> '?'
102 <> oriya_letter_ja
103 <> '?'
104 <> '?'
105 <> '?'
106 <> '?'
107 <> '?'
108 <> oriya_letter_jha
109 <> '?'
110 <> oriya_letter_nya
111 <> '?'
112 <> '?'
113 <> '?'
114 <> '?'
115 <> oriya_letter_tta
116 <> '?'
117 <> '?'
118 <> oriya_letter_ttha
119 <> '?'
120 <> oriya_letter_dda
121 <> '?'
122 <> '?'
123 <> '?'
124 <> oriya_letter_ddha
125 <> '?'
126 <> oriya_letter_nna
127 <> 127
128 <> '?'
129 <> '?'
130 <> '?'
131 <> oriya_letter_ga oriya_sign_virama oriya_letter_ta ; CHECK conjuct char expected in the output, but it's not appearing
132 <> '?'
133 <> '?'
134 <> oriya_letter_ta
135 <> '?'
136 <> '?'
137 <> '?'
138 <> '?'
139 <> '?'
140 <> '?'
141 <> '?'
142 <> '?'
143 <> '?'
144 <> oriya_letter_tha
145 <> '?'
146 <> oriya_letter_da
147 <> '?'
148 <> '?'
149 <> '?'
150 <> '?'
151 <> '?'
152 <> '?'
153 <> oriya_letter_dha
154  <> '?'
155 <> '?'
156 <> oriya_letter_na
157 <> '?'
158 <> '?'
159 <> '?'
160 >
161 <> '?'
162 <> '?'
163 <> '?'
164 <> '?'
165 <> '?'
166 <> '?'
167 <> '?'
168 <> oriya_letter_pa
169 <> '?'
170 <> '?'
171 <> '?'
172 <> '?'
173 <> oriya_letter_pha
174 <> '?'
175 <> oriya_letter_ba
176 <> '?'
177 <> '?'
178 <> '?'
179 <> '?'
180 <> '?'
181 <> oriya_letter_bha
182 <> '?'
183 <> oriya_letter_ma
184 <> '?'
185 <> '?'
186 <> '?'
187 <> '?'
188 <> '?'
189 <> '?'
190 <> oriya_letter_ya
191 <> oriya_sign_virama oriya_letter_ya
192 <> oriya_letter_ra
224 <> oriya_letter_la
193 <> oriya_letter_lla
194 <> '?'
195 <> '?'
196 <> '?'
197 <> '?'
198 <> '?'
199 <> '?'
200 <> '?'
201 <> oriya_letter_sha
202 <> '?'
203 <> '?'
204 <> oriya_letter_ssa
205 <> '?'
206 <> '?'
207 <> '?'
208 <> '?'
209 <> '?'
210 <> '?'
211 <> oriya_letter_sa
212 <> '?'
213 <> '?'
214 <> '?'
215 <> '?'
216 <> '?'
217 <> '?'
218 <> '?'
219 <> '?'
220 <> oriya_letter_ha
221 <> oriya_letter_rra
222 <> oriya_letter_rha
223 <> oriya_letter_yya
225 <> '?'
226 <> '?'
227 <> '?'
228 <> '?'
229 <> '?'
230 <> oriya_vowel_sign_aa
231 <> oriya_vowel_sign_i
232 <> oriya_vowel_sign_i oriya_sign_candrabindu
233 <> '?'
234 <> oriya_vowel_sign_ii
235 <> oriya_vowel_sign_u
236 >
237 <> oriya_vowel_sign_uu
238 > 
239 <> oriya_vowel_sign_e
239 240 <> oriya_vowel_sign_ai
239 230 <> oriya_vowel_sign_o
239 230 240 <> oriya_vowel_sign_au
240 <> oriya_ai_length_mark
242 <> oriya_au_length_mark
243 <> oriya_sign_anusvara
244 <> oriya_sign_candrabindu
245 <> oriya_vowel_sign_vocalic_r
246 <> '?'
247 <> '?'
248 <> '?'
249 <> '?'
250 <> oriya_sign_virama
251 <> oriya_letter_vocalic_l
252 <> '?'
253 <> '?'
254 <> oriya_letter_ma
255 >
