; This file was created by <author> using TECkitMappingEditorU.exe v4.0.0.0 on 1/25/2022.
;   Conversion Type = Legacy_to_from_Unicode
;   Left-hand side font = Code2000;11.25
;   Right-hand side font = Rachana;11.25
;   Main Window Position = 0,0,658,713
;   Left-hand side Character Map Window Position = 658,0,443,529
;   Right-hand side Character Map Window Position = 648,285,586,435

EncodingName            "a canonical name that uniquely identifies this mapping table from all others"
DescriptiveName         "a string that describes the mapping"
Version                 "0.501"
Contact                 "mailto:user@addr"
RegistrationAuthority   "the organization responsible for the encoding"
RegistrationName        "the name and version of the mapping, as recognized by that authority"
Copyright               "© 2022 <CompanyName>. All rights reserved."
LHSFlags                ()
RHSFlags                ()
pass(unicode)
"परमेश्‍वर" <> "പരമേശ്വർ"
"परन्तु" <> "പരന്തു"

pass(unicode)
class[ws] =  (0x9 0xA 0xD 0x20)
class[punct] = (0x21 .. 0x2F 0x3A .. 0x40 0x5B .. 0x60 0x7B .. 0x7F)
class[nukta_composed_chars] = ( U+0929 U+0931 U+0958 U+0959 U+095A U+095B U+095C U+095D U+095E U+095F )
class[nukta_composed_bases] = ( U+0928 U+0930 U+0915 U+0916 U+0917 U+091C U+0921 U+0922 U+092B U+092F )

class[deva_cons]=(U+0915 .. U+0922 U+0924 ..U+0939)
;handiling 'chadhrakala'
[deva_cons]=dc / _ ( # | [ws] | [punct] ) <> @dc U+094D


; Decompose nukta
[nukta_composed_chars] <> [nukta_composed_bases] U+093C


pass(unicode)

class[ws] =  (0x9 0xA 0xD 0x20)
class[punct] = (0x21 .. 0x2F 0x3A .. 0x40 0x5B .. 0x60 0x7B .. 0x7F)

class[deva_marks]=(U+0901 .. U+0903)
class[mala_marks]=(U+0d01 .. U+0d03)

class[deva_vowels]=(U+0905..U+090c U+090e..U+0910 U+0912..U+0914)
class[mala_vowels]=(U+0d05..U+0d0c U+0d0e..U+0d10 U+0d12..U+0d14)
class[deva_cons]=(U+0915 .. U+0927 U+0929 ..U+0931 U+0933 ..U+0939)
class[mala_cons]=(U+0d15 .. U+0D27 U+0D29 .. U+0d31 U+0d33 .. U+0d39)
class[deva_vowels_sign]=(U+093d .. U+094d )
class[mala_vowels_sign]=(U+0d3d .. U+0d4d)
class[deva_yeru]=(U+0960 .. U+0963)
class[mala_yeru]=(U+0d60 .. U+0d63)
class[deva_digits]=(U+0966 .. U+096f)
class[mala_digits]=(U+0d66 .. U+0d6f)


class[deva_nonmapping]=(U+0900 U+0904 U+090D U+0911 U+093A .. U+093C\
                        U+0945 U+0949 U+094E U+094F U+0950 .. U+095F\
                        U+0970 ..U+097F)
class[mala_nonmapping]=(U+0D00 U+0D04 U+0D0D U+0D11 U+0D3A .. U+0D3C\
                        U+0D45 U+0D49 U+0D4E U+0D4F U+0D50 .. U+0D5F\
                        U+0D70 .. U+0D7F)

[deva_nonmapping] > U+00B0
U+00B0 < [mala_nonmapping]

U+0964<>"."
U+0965<>" "";"

U+0907 / [deva_vowels_sign] _ <> U+0D2F U+0D3F
U+0908 / [deva_vowels_sign] _ <> U+0D2F U+0D40


;handiling 'r'
U+0930 / [deva_cons]_ ^[deva_vowels_sign] <> U+0D7C 
U+0930 / _ ( # | [ws] | [punct] ) <> U+0D7C
U+0930 U+094D / ^[deva_vowels_sign]_ <> U+0D7C
U+0930 U+094D U+092F <> U+0D30 U+0D4D U+0D2F;case when r,chandhrakala & ya comes
U+0930 / _ [deva_cons][deva_vowels_sign]  <>U+0D30


;handling 'r' & 'nna'
U+0930 U+0923 / [deva_cons]_ <> U+0D30 U+0D7A;case when r and nna combined
U+0930 U+0923 U+093E / [deva_cons]_ <> U+0D30 U+0D23 U+0D3E;case when r,nna, & devanagari vowekl sign taken 
U+0930 U+0923 /_ ( # | [ws] | [punct]) <> U+0D30 U+0D7A ;caser when r & nna at last t
U+0930 U+0923 U+094B U+0902 <>U+0D30 U+0D23 U+0D4B U+0D02

;handling 'na'
U+0928 <> U+0D7B
U+0928 U+094D <> U+0D28 U+0D4D
U+0928 / ( # | [ws] | [punct]) _ <> U+0D28
U+0928 / _ [deva_vowels_sign] <> U+0D28 
U+0928 U+094D / _ ( # | [ws] | [punct]) <> U+0D7B
U+0928 U+094D / ( # | [ws] | [punct] ) _ ( # | [ws] | [punct]) <> U+0D28
U+200D U+0928<> U+0D28


;handling 'la'
U+0932<>U+0D7D
U+0932 / ( # | [ws] | [punct] ) _ <> U+0D32
U+0932 / _ [deva_vowels_sign] <> U+0D32
U+0932 U+094D / _ ( # | [ws] | [punct] ) <> U+0D7D
U+0932 U+094D / _ [deva_cons] <> U+0D7D ; since is more used than U+0D32

;handling 'sa'
U+0938 / _[deva_cons]  <> U+0D38 


; Global conversion
[deva_marks] <> [mala_marks]
[deva_vowels] <> [mala_vowels]
[deva_cons]<>[mala_cons]
[deva_vowels_sign]<>[mala_vowels_sign]
[deva_yeru]<>[mala_yeru]
[deva_digits]<>[mala_digits]



pass(unicode)
" ന് " > " ന "
