; This file was created by Beniza using TECkitMappingEditorU.exe v2.6.0.0 on 05/02/2009.
;   Conversion Type = Legacy_to_from_Unicode
;   Left-hand side font = ATSPAruna;14.25
;   Right-hand side font = Latha;12
;   Main Window Position = 3,4,650,555
;   Code Point Window Position = 653,5,624,559

EncodingName            "TAM_Aruna2Unicode"
DescriptiveName         "To convert text created using Tamil Aruna font to Unicode"
Version                 "1.0"
Contact                 "mailto:sg@nlife.in"
CreatedBy               "Varghese, Benjamin C."
RegistrationAuthority   "NLCI"
RegistrationName        "in.nlci.enconv.aruna.taml"
Copyright               "Released under MIT License. © 2009 <NLCI>. Some rights reserved."
LHSFlags                ()
RHSFlags                ()

pass(Byte)
; Cleanup data
59 59 > 59 ; double anusvara to single

pass(Byte)
Class[cons] = (35 100 72 102 114 106 107 108 103 115 116 97 65 117 101 66 92 119 121 122)
Class[vow]  = (109 77 44 60 99 67 86 120 88)
Class[lm]   = (96 98 105 110)
Class[rm]   = (104 59)
Class[anu]  = (59)
; 104 59 <> 117 59

[lm]?=lm [cons]=cons [rm]?=rm <> @cons @lm @rm
; [cons]=cons1 [anu]=anu [lm]=lm [cons]=cons2 <> @cons1 @lm @anu @cons2 
pass(Byte_Unicode)

; type a 'k' in the 'Left-side Sample' box below to see how this works.
ByteClass[CTL] = ( 0 .. 32 )
UniClass[CTL]  = ( 0 .. 32 )
[CTL] <> [CTL]

33<> U+0BB8	
34<> U+0B9E	
35<> U+0B9C	
37<> U+0BB0 U+0BC2	
38<> U+0BC1	
39<> U+0B99	
40<> U+0028	
41<> U+0029	
42<> U+002A	
43<> U+002B	
44<> U+0B87
45<> hyphen_minus
46<> U+002E	
47<> U+002C	
48<> U+0030	
49<> U+0031	
50<> U+0032	
51<> U+0033	
52<> U+0034	
53<> U+0035	
54<> U+0036	
55<> U+0037	
56<> U+0038	
57<> U+0039	
58<> U+003A	
59<> U+0BCD
60<> U+0B88	
61<> U+003D	
62<> U+0BAE U+0BC2	
63<> U+003F	
64<> U+0BC2	
65<> U+0BB9	
66<> U+0B95 U+0BCD U+200D U+0BB7	
67<> U+0B8A	
68<> U+0BA9 U+0BC1	
69<> U+0BA8 U+0BC1	
70<> U+0B95 U+0BC1	
71<> U+0BB4 U+0BC1	
72<> U+0BB4	
73<> U+0B90	
74<> U+0BA4 U+0BC1	
75<> U+0BAE U+0BC1	
76<> U+0B9F U+0BC1	
77<> U+0B86	
78<> U+0B9A U+0BC2	
79<> U+0B9F U+0BC0	
80<> U+0BC0	
81<> U+0BA3 U+0BC1	
82<> U+0B95	
83<> U+0BB3 U+0BC1 	
84<> U+0BEC	
85<> U+0BB0 U+0BC1	
86<> U+0B8F	
87<> U+0BB1 U+0BC1	
88<> U+0B93	
89<> U+0BB2 U+0BC1	
90<> U+0BA3 U+0BBE	
91<> U+0BC1	
92<> U+0BB7	
93<> U+0BBE	
93 80 <> U+0BB0 U+0BC0
94<> U+0B9F U+0BC2	
95<> U+0BAE U+0BC2	
96 > U+0BC8	
97<> U+0BAF	
98<> U+0BC6	
99<> U+0B89	
100<> U+0BA9	
101<> U+0BA8	
102<> U+0B95	
103<> U+0BAA	
104<> U+0BBE	
104 59 <> U+0BB0 U+0BCD
104 112 <> U+0BB0 U+0BBF
105<> U+0BC8	
106<> U+0BA4	
107<> U+0BAE	
108<> U+0B9F	
109<> U+0B85	
110<> U+0BC7	
111<> U+0B9F U+0BBF	
112<> U+0BBF	
113<> U+0BB3 U+0BC2	
114<> U+0B9A	
115<> U+0BB3	
116<> U+0BB5	
117<> U+0BB0	
118<> U+0B8E	
119<> U+0BB1	
120<> U+0B92	
121<> U+0BB2	
122<> U+0BA3	
123<> U+0BC2	
124<> U+0B9E U+0BC1	
126<> U+0B83	

