; This file was created by Benjamin C. Varghese, using TECkitMappingEditorU.exe v3.0.1.0 on 8/6/2009.
;   Conversion Type = Legacy_to_from_Unicode
;   Left-hand side font = Manorama;18
;   Right-hand side font = AnjaliOldLipi;15.75
;   Main Window Position = 0,0,635,728
;   Left-hand side Character Map Window Position = 656,0,710,728
;   Right-hand side Character Map Window Position = 673,371,578,498

EncodingName			"Manorama-Malayalam"
DescriptiveName		    "Malayala Manorama font to Unicode"
Version			        "0.7"
Contact                 "mailto:sg@nlife.in"
CreatedBy               "Varghese, Benjamin C."
RegistrationAuthority   "NLCI"
RegistrationName        "in.nlci.enconv.manorama.mlym"
Copyright               "Released under MIT License. © 2009 NLCI. Some rights reserved."
LHSFlags                ()
RHSFlags                ()

pass(Byte)
45 > 

pass(Byte)
ByteClass[lVmatra] = (230 231 232)
ByteClass[lCmatra] = (100)
ByteClass[rSubform] = (98 99 238 240)
ByteClass[cons] = (65 .. 85 97 102 .. 122 123 181 .. 221 248 249)

[lCmatra]?=lcm [cons]=con <> @con @lcm
[lVmatra]?=lvm1 [lVmatra]?=lvm2 [lCmatra]?=lcm [cons]=con [rSubform]?=rsub <>@con @rsub @lcm @lvm1 @lvm2

;======================================================================
; Legacy 2 Unicode
;======================================================================
pass(Byte_Unicode)

ByteClass[ctr] = (0..32)
UniClass[ctr] = (0..32)
ByteClass[DirectMap] = (48..57)
UniClass[DirectMap] = (48..57)
;ByteClass[junk] = (0..8 11 12 14..31)

;[junk] > ;To eat all the control chars except LF(10) CR(13) and TAB(9), however this is not working
[ctr] <> [ctr]
31 > 32
32 <> 32
31 32 > 32
33 <> exclamation_mark
34 <> right_single_quotation_mark
39 <> left_single_quotation_mark
[DirectMap]<>[DirectMap]
32 <> 32
40 <> left_parenthesis
41 <> right_parenthesis
44 <> comma
45 > ;hyphen-minus ;this character appears everywhere in the text, but don't know the significance... omitting it hoping that there will not be an actual hyphen-minus in the text
46 <> full_stop
47 <> solidus
58 <> colon
59 <> semicolon
60 <> less_than_sign
61 <> equals_sign
62 <> greater_than_sign
63 <> question_mark
64 <> malayalam_letter_tha
65 <> malayalam_letter_ka malayalam_sign_virama malayalam_letter_ka
66 <> malayalam_letter_nga malayalam_sign_virama malayalam_letter_nga
67 <> malayalam_letter_nga malayalam_sign_virama malayalam_letter_ka
;68 <> unknown character (amavasi moon symbol)
69 <> malayalam_letter_nya malayalam_sign_virama malayalam_letter_nya
70 <> malayalam_letter_nya malayalam_sign_virama malayalam_letter_ca
71 <> malayalam_letter_tta malayalam_sign_virama malayalam_letter_tta
72 <> malayalam_letter_nna malayalam_sign_virama malayalam_letter_nna
73 <> malayalam_letter_nna malayalam_sign_virama malayalam_letter_tta
74 <> malayalam_letter_ta malayalam_sign_virama malayalam_letter_ta
75 <> malayalam_letter_na malayalam_sign_virama malayalam_letter_na
76 <> malayalam_letter_na malayalam_sign_virama malayalam_letter_ta
77 <> malayalam_letter_pa malayalam_sign_virama malayalam_letter_pa
78 <> malayalam_letter_ma malayalam_sign_virama malayalam_letter_ma
79 <> malayalam_letter_ma malayalam_sign_virama malayalam_letter_pa
80 <> malayalam_letter_ga malayalam_sign_virama malayalam_letter_ga
81 <> right_double_quotation_mark
82 <> left_double_quotation_mark
83 <> '<083>';unknown character (like a high dot)
84 <> malayalam_letter_sa malayalam_sign_virama malayalam_letter_sa
85 <> malayalam_letter_lla malayalam_sign_virama malayalam_letter_lla
86 <> malayalam_letter_chillu_rr
87 <> malayalam_letter_chillu_l
88 <> malayalam_letter_chillu_n
89 <> malayalam_letter_chillu_nn
90 <> malayalam_letter_chillu_ll
91 <> left_square_bracket
92 <> reverse_solidus
93 <> right_square_bracket
94 <> '<094>' ;unknown character (high dot on upper left corner)
95 <> hyphen_minus
96 <> malayalam_letter_vocalic_r
;97 <> malayalam_letter_na malayalam_sign_virama U+200D malayalam_letter_rra
97 <> malayalam_letter_na malayalam_sign_virama malayalam_letter_rra
98 <> malayalam_sign_virama malayalam_letter_va
99 <> malayalam_sign_virama malayalam_letter_ya
100 <> malayalam_sign_virama malayalam_letter_ra
101 <> malayalam_date_mark
102 <> malayalam_letter_ka malayalam_sign_virama malayalam_letter_ssa
103 <> malayalam_letter_da malayalam_sign_virama malayalam_letter_da
104 <> '<104>' ;unknown character (like half na or half sa)
105 <> malayalam_letter_da malayalam_sign_virama malayalam_letter_dha
106 <> malayalam_letter_ta malayalam_sign_virama malayalam_letter_tha
107 <> '<107>' ;blank space
108 <> 0x20B9 ;Indian rupee sign
109 <> malayalam_letter_nna malayalam_sign_virama malayalam_letter_dda
110 <> '<110>' ;blank space
111 <> malayalam_letter_ga malayalam_sign_virama malayalam_letter_na
112 <> malayalam_letter_nna malayalam_sign_virama malayalam_letter_ma
113 <> malayalam_letter_ta malayalam_sign_virama malayalam_letter_bha
114 <> malayalam_letter_ta malayalam_sign_virama malayalam_letter_sa
115 <> malayalam_letter_na malayalam_sign_virama malayalam_letter_tha
116 <> malayalam_letter_na malayalam_sign_virama malayalam_letter_dha
117 <> malayalam_letter_ga malayalam_sign_virama malayalam_letter_ma
118 <> malayalam_letter_ta malayalam_sign_virama malayalam_letter_ma
119 <> malayalam_letter_na malayalam_sign_virama malayalam_letter_da
120 <> malayalam_letter_rra malayalam_sign_virama malayalam_letter_rra
121 <> malayalam_letter_ta malayalam_sign_virama malayalam_letter_na
122 <> malayalam_letter_na malayalam_sign_virama malayalam_letter_ma
123 <> malayalam_letter_lla
124 <> malayalam_letter_ma malayalam_sign_virama malayalam_letter_lla
125 <> '<125>' ; this letter is not yet encoded in Unicode but might get added in ver 5.2 of Unicode
126 <> malayalam_letter_kha
;127 <> system codepoint
;128 <> system codepoint
129 <>'<129>' ;blank space 
130 <> malayalam_letter_ca malayalam_sign_virama malayalam_letter_ca
131 <> malayalam_letter_pa malayalam_sign_virama malayalam_letter_la
132 <> malayalam_letter_ba malayalam_sign_virama malayalam_letter_ba
133 <> malayalam_letter_ha malayalam_sign_virama malayalam_letter_la
134 <> malayalam_letter_ba malayalam_sign_virama malayalam_letter_la
135 <> malayalam_letter_ya malayalam_sign_virama malayalam_letter_ya
136 <> malayalam_letter_la malayalam_sign_virama malayalam_letter_la
137 <> malayalam_letter_sha malayalam_sign_virama malayalam_letter_la
138 <> malayalam_letter_sa malayalam_sign_virama malayalam_letter_la
139 <> malayalam_letter_ka malayalam_vowel_sign_vocalic_r
139 <> malayalam_letter_ca malayalam_sign_virama malayalam_letter_ca
140 <> malayalam_letter_va malayalam_sign_virama malayalam_letter_va
141 <> '<141>'
142 <> '<142>'
143 > '' ; '<143>'
144 <> '<144>'
145 <> '<145>'
146 <> '<146>'
147 <> '<147>'
148 <> '<148>'
149 <> '<149>' ;blank spaces
150 <> em_dash
151 <> en_dash ;Verify if this is an em-dash or en-dash
152 <> '<152>'
153 <> '<153>'
154 <> '<154>'
155 <> '<155>'
156 <> '<156>'
157 <> '<157>'
158 <> '<158>'
159 <> '<159>'
160 <> '<160>' ;symbols and blank spaces
161 <> malayalam_sign_virama
162 <> malayalam_sign_anusvara
163 <> malayalam_sign_visarga
164 <> '<164>' ; blank space
165 <> malayalam_letter_a
166 <> malayalam_letter_aa
167 <> malayalam_letter_i
168 <> malayalam_letter_ii
169 <> malayalam_letter_u
170 <> malayalam_letter_uu
171 <> malayalam_letter_vocalic_r
172 <> malayalam_letter_vocalic_rr
173 <> malayalam_letter_ha malayalam_sign_virama malayalam_letter_na
174 <> malayalam_letter_e
175 <> malayalam_letter_ee
176 <> malayalam_letter_ai
177 <> malayalam_letter_ga malayalam_sign_virama malayalam_letter_la
178 <> malayalam_letter_o
179 <> malayalam_letter_oo
180 <> malayalam_letter_au
181 <> malayalam_letter_ka
182 <> malayalam_letter_kha
183 <> malayalam_letter_ga
184 <> malayalam_letter_gha
185 <> malayalam_letter_nga
186 <> malayalam_letter_ca
186 238 <> malayalam_letter_ca malayalam_sign_virama malayalam_letter_ca
187 <> malayalam_letter_cha 
188 <> malayalam_letter_ja
189 <> malayalam_letter_jha
190 <> malayalam_letter_nya
191 <> malayalam_letter_tta
192 <> malayalam_letter_ttha
193 <> malayalam_letter_dda
194 <> malayalam_letter_ddha
195 <> malayalam_letter_nna
196 <> malayalam_letter_ta
197 <> malayalam_letter_tha
198 <> malayalam_letter_da
199 <> malayalam_letter_dha
200 <> malayalam_letter_na
201 <> malayalam_letter_pa
202 > ' ' ;'<202>' ; blank space
203 <> malayalam_letter_pha
204 <> malayalam_letter_ba
205 <> malayalam_letter_bha
206 <> malayalam_letter_ma
207 <> malayalam_letter_ya
207 238 <> malayalam_letter_ya malayalam_sign_virama malayalam_letter_ya
208 <> malayalam_letter_ka malayalam_sign_virama malayalam_letter_la
209 <> '<209>'
210 <> '<210>'
211 <> '<211>'
212 <> '<212>' ;210-212 <> signs and spaces
213 <> malayalam_letter_va
213 238 <>  malayalam_letter_va malayalam_sign_virama malayalam_letter_va
214 <> malayalam_letter_sha
215 <> malayalam_letter_ssa
216 <> malayalam_letter_sa
217 <> malayalam_letter_ha
218 <> malayalam_letter_rra malayalam_sign_virama malayalam_letter_rra
219  <>  malayalam_letter_sha malayalam_sign_virama malayalam_letter_sha
220 <> malayalam_letter_la
220 240 <> malayalam_letter_la malayalam_sign_virama malayalam_letter_la
221 <> malayalam_letter_llla
222 <> malayalam_vowel_sign_aa
223 <> malayalam_vowel_sign_i
224 <> malayalam_vowel_sign_ii
225 <> malayalam_vowel_sign_u
226 <> malayalam_vowel_sign_uu
226 45 <> malayalam_vowel_sign_uu
227 <> malayalam_vowel_sign_vocalic_r
228 <> malayalam_vowel_sign_vocalic_r
229 <> '<229>'' ;blank space
230 <> malayalam_vowel_sign_e
231 <> malayalam_vowel_sign_ee
230 230 <> malayalam_vowel_sign_ai
230 222 <> malayalam_vowel_sign_o
231 222 <> malayalam_vowel_sign_oo
232 <> malayalam_vowel_sign_ai
233 > '<233>';blank space
234 > '<234>'; kind of hyphen
235 > '<235>'; kind of small hyphen
236 <> malayalam_vowel_sign_au
237 <> malayalam_sign_virama 
204 238 > malayalam_letter_ba malayalam_sign_virama malayalam_letter_ba
239 <> malayalam_sign_virama malayalam_letter_lla
240 <> malayalam_sign_virama malayalam_letter_lla
241 <> malayalam_sign_virama malayalam_letter_ta
242 <> malayalam_vowel_sign_i
243 <> malayalam_vowel_sign_u
244 <> malayalam_vowel_sign_uu
245 <> malayalam_vowel_sign_uu
246 <> malayalam_vowel_sign_u
247 > '<247>'
248 <> malayalam_letter_ra
249 <> malayalam_letter_rra

;===============I M P O R T A N T ============================================
;There is an inconsistancy in the way malayalam fonts treats the nta character, 
;for some it is with a 200D (ZWJ) char (eg: Kartika, Anjali Old Lipi) and some doesn't
;use this char (eg: Rachana, Meera). So choose an appropriate convertion according
;to the font you are planning to use. Default is set to Rachana type fonts;
;------------------------------------------------------------------------------
;88 249 <> malayalam_letter_na malayalam_sign_virama U+200D malayalam_letter_rra
;230 88 249 <> malayalam_letter_na malayalam_sign_virama U+200D malayalam_letter_rra malayalam_vowel_sign_e
88 249 <> malayalam_letter_na malayalam_sign_virama malayalam_letter_rra
230 88 249 <> malayalam_letter_na malayalam_sign_virama malayalam_letter_rra malayalam_vowel_sign_e
;==============================================================================

255 > 
