; This file was created by <author> using TECkitMappingEditorU.exe v4.0.0.0 on 9/21/2018.
;   Conversion Type = Unicode_to_from_Unicode
;   Left-hand side font = Rachana;18
;   Right-hand side font = Charis SIL;13.8
;   Main Window Position = 0,0,874,877
;   Left-hand side Character Map Window Position = 874,0,606,549
;   Right-hand side Character Map Window Position = 874,549,606,549

EncodingName            "Malayalam2IPA Transliteration"
DescriptiveName         "Malayalam to IPA based on Dr. Binny Abraham's Transliteration Scheme"
Version                 "1"
Contact                 "mailto:beniza@gmail.com"
RegistrationAuthority   "BeNiza"
RegistrationName        "Beniza-Mal2IPA"
Copyright               "© 2018 <www.beniza.me>. Some rights reserved. License CC-By-SA"
LHSFlags                ()
RHSFlags                ()

pass(Unicode)
0xd00 > 
0xd01 > 
0xd02 > 'm'
0xd03 > 'ʔ'
0xd04 > 
0xd05 > 'ɑ'
0xd06 > 'ɑː'
0xd07 > 'i'
0xd08 > 'iː'
0xd09 > 'u'
0xd0a > 'uː'
0xd0b > 'rə'
0xd0c > 
0xd0d > 
0xd0e > 'e'
0xd0f > 'eː'
0xd10 > 'ai'
0xd11 > 
0xd12 > 'o'
0xd13 > 'oː'
0xd14 > 'au'
0xd15 > 'kɑ'
0xd16 > 'khɑ'
0xd17 > 'gɑ'
0xd18 > 'ghɑ'
0xd19 > 'ŋɑ'
0xd1a > 'tʃɑ'
0xd1b > 'tʃʰɑ'
0xd1c > 'dʒɑ'
0xd1d > 'dʒʰɑ'
0xd1e > 'ɲɑ'
0xd1f > 'ʈɑ'
0xd20 > 'ʈʰɑ'
0xd21 > 'ɖɑ'
0xd22 > 'ɖʰɑ'
0xd23 > 'ɳɑ'
0xd24 > 't̪ɑ'
0xd25 > 't̪ʰɑ'
0xd26 > 'd̪ɑ'
0xd27 > 'd̪ʰɑ'
0xd28 > 'n̪ɑ'
0xd29 > 
0xd2a > 'pɑ'
0xd2b > 'pʰɑ'
0xd2c > 'bɑ'
0xd2d > 'bʰɑ'
0xd2e > 'mɑ'
0xd2f > 'jɑ'
0xd30 > 'ɾɑ'
0xd31 > 'rɑ'
0xd32 > 'lɑ'
0xd33 > 'ɭɑ'
0xd34 > 'ɻɑ'
0xd35 > 'ʋɑ'
0xd36 > 'ɕɑ'
0xd37 > 'ʂɑ'
0xd38 > 'sɑ'
0xd39 > 'hɑ'
0xd3a > 'ʈʈɑ'
0xd3b > 
0xd3c > 
0xd3d > '-'
0xd3e > 'ɑː'
0xd3f > 'i'
0xd40 > 'iː'
0xd41 > 'u'
0xd42 > 'uː'
0xd43 > 'rə'
0xd44 > 
0xd45 > 
0xd46 > 'e'
0xd47 > 'eː'
0xd48 > 'ɑⁱ'
0xd49 > 
0xd4a > 'o'
0xd4b > 'oː'
0xd4c > 'ɑᵘ'
0xd4d > 'ə'
0xd4e > 'r'
0xd4f > 
0xd50 > 
0xd51 > 
0xd52 > 
0xd53 > 
0xd54 > 'm'
0xd55 > 'j'
0xd56 > 
0xd57 > 'au'
0xd58 > 
0xd59 > 
0xd5a > 
0xd5b > 
0xd5c > 
0xd5d > 
0xd5e > 
0xd5f > 
0xd60 > 'ə˞'
0xd61 > 
0xd62 > 
0xd63 > 
0xd64 > 
0xd65 > 
0xd66 > '0'
0xd67 > '1'
0xd68 > '2'
0xd69 > '3'
0xd6a > '4'
0xd6b > '5'
0xd6c > '6'
0xd6d > '7'
0xd6e > '8'
0xd6f > '9'
0xd70 > '10'
0xd71 > '100'
0xd72 > '1000'
0xd73 > 
0xd74 > 
0xd75 > 
0xd76 > 
0xd77 > 
0xd78 > 
0xd79 > '"Date"'
0xd7a > 'ɳ'
0xd7b > 'n'
0xd7c > 'r'
0xd7d > 'l'
0xd7e > 'ɭ'
0xd7f > 'k'

pass(unicode)
0x251 0x251 0x2d0 > 0x251 0x2d0
0x251 0x69 > 0x69
0x251 0x69 0x2d0 > 0x69 0x2d0
0x251 0x75 > 0x75
0x251 0x75 0x2d0 > 0x75 0x2d0
0x251 0x65 > 0x65
0x251 0x65 0x2d0 > 0x65 0x2d0
0x251 0x251 0x2071 > 0x251 0x2071
0x251 0x6F > 0x6F
0x251 0x6F 0x2d0 > 0x6F 0x2d0
0x251 0x259 > 0x259


