; This file was created by <author> using TECkitMappingEditorU.exe v4.0.0.0 on 1/27/2022.
;   Conversion Type = Unicode_to_from_Unicode
;   Left-hand side font = Code2000;14.25
;   Right-hand side font = Rachana;15.75
;   Main Window Position = 1354,0,755,735
;   Left-hand side Character Map Window Position = 2140,64,576,464
;   Right-hand side Character Map Window Position = 494,46,727,492

LHSName                 "canonical name of the 'source' encoding or left-hand side of the conversion"
RHSName                 "canonical name of the 'target' encoding or right-hand side of the conversion"
LHSDescription          "description for the left-hand side of the mapping"
RHSDescription          "description for the right-hand side of the mapping"
Version                 "1"
Contact                 "mailto:user@addr"
RegistrationAuthority   "the organization responsible for the encoding"
RegistrationName        "the name and version of the mapping, as recognized by that authority"
Copyright               "© 2022 <CompanyName>. All rights reserved."
LHSFlags                ()
RHSFlags                ()

pass(Unicode)

class[deva_marks]=(0x0901 .. 0x0903)
class[mala_marks]=(0x0d01 .. 0x0d03)

class[deva_vowels]=(0x0905..0x090c 0x090e..0x0910 0x0912..0x0914)
class[mala_vowels]=(0x0d05..0x0d0c 0x0d0e..0x0d10 0x0d12..0x0d14)
class[deva_cons]=(0x0915 .. 0x0993)
class[mala_cons]=(0x0d15 .. 0x0d93)
class[deva_letters]=(0x093d .. 0x0944)
class[mala_letters]=(0x0d3d .. 0x0d44)
class[deva_others]=(0x0946 .. 0x094d)
class[mala_others]=(0x0d46 .. 0x0d4d)
class[deva_news]=(0x0960 .. 0x0963)
class[mala_news]=(0x0d60 .. 0x0d63)
class[deva_let]=(0x0966 .. 0x096f)
class[mala_let]=(0x0d66 .. 0x0d6f)

class[deva_nomatch] = (U+0900 U+0904 U+090D U+0911 U+093A..U+093C U+0945 U+0949 U+094E U+094F U+0950..U+095F U+0964 U+0965 U+0970..U+097F)



[deva_nomatch] > U+00BF ; inverted question mark: to represent characters that do not have a match in Malayalam
[deva_marks] <> [mala_marks]
[deva_vowels] <> [mala_vowels]
[deva_cons]<>[mala_cons]
[deva_letters]<>[mala_letters]
[deva_others]<>[mala_others]
[deva_news]<>[mala_news]
[deva_let]<>[mala_let]
