; This file was created by <author> using TECkitMappingEditorU.exe v4.0.0.0 on 6/8/2019.
;   Conversion Type = Legacy_to_from_Unicode
;   Left-hand side font = Arial Unicode MS;10.8
;   Right-hand side font = Arial Unicode MS;10.8
;   Main Window Position = 0,0,874,877
;   Left-hand side Character Map Window Position = 874,0,606,549
;   Right-hand side Character Map Window Position = 874,549,606,549

EncodingName            "a canonical name that uniquely identifies this mapping table from all others"
DescriptiveName         "a string that describes the mapping"
Version                 "1"
Contact                 "mailto:user@addr"
RegistrationAuthority   "the organization responsible for the encoding"
RegistrationName        "the name and version of the mapping, as recognized by that authority"
Copyright               "© 2019 <CompanyName>. All rights reserved."
LHSFlags                ()
RHSFlags                ()

pass(unicode)
0x645 0x064E > 0x092E

0x062A 0x06BE > 0x925

0x650 > 0x093F
0x644 > 0x932
0x650 > 0x093F
0x06A9 0x06BE > 0x916

0x650 > 0x093F
0x062A 0x064E > 0x924

0x062D > 0x903
0x20 > 0x20
0x633 > 0x938
0x064F > 0x941
0x633 0x064E > 0x938

0x06BA > 0x935
0x648 > 0x
0x627 > 0x093E
0x062F 0x064E > 0x926

0x062D > 0x903
