; This file was created by <beniza@gmail.com> using TECkitMappingEditorU.exe v3.0.1.0 on 2/9/2010.
;   Conversion Type = Legacy_to_from_Unicode
;   Left-hand side font = Arial;11.25
;   Right-hand side font = Arial Unicode MS;14.25
;   Main Window Position = 0,0,657,770
;   Left-hand side Character Map Window Position = 650,0,571,320
;   Right-hand side Character Map Window Position = 650,324,587,442

EncodingName            "GUJ_CDAC2Unicode"
DescriptiveName         "To convert text created using CDAC/WinScript Gujarati fonts"
Version                 "1"
Contact                 "mailto:sg@nlife.in"
CreatedBy               "Varghese, Benjamin C."
RegistrationAuthority   "NLCI"
RegistrationName        "in.nlci.enconv.winscript.gujr"
Copyright               "Released under MIT License. © 2010 NLCI. Some rights reserved."
LHSFlags                ()
RHSFlags                ()

;================================================================================================================================================================================
; Status: Incomplete
;Existing Issues in the table
;================================================================================================================================================================================
;0xAF > is not handled in this project as I don't to which Uni_sequence it should be matched



;================================================================================================================================================================================
;Legacy to Unicode: Decomposing / normalizing
;================================================================================================================================================================================
pass(byte)
; class with the characters requiring  stem character to form the full form 
;class[halfCons_stem]=(0x4c 0x4d 0x4e 0x4f 0x53 0x54 0x5b 0x5f 0x69 0x6c 0x6d 0x6e 0x6f 0x70 0x7b 0x7c 0x7d 0x7e 0xa1  0xa5 0xa6 0xa7 0xa8 0xa9 0xaa 0xab 0xb1 0xb2 0xb4 0xb5 0xb6 0xb7 0xb8 0xb9 0xba 0xbb 0xbc)            

class[extn]=(0xCE 0xCF 0xD0 0xD1 0xD8 0xD9 0xDC 0xDD)
class[norm]=(0xCA 0xCB 0xCC 0xCD 0xD6 0xD6 0xDA 0xDA)

[extn] > [norm] 

0x58 > 0x57 0xC9

0xC8 > 0xC7 0xC5

0xCD > 0xC7 0xCA 0xC5
0xCC > 0xC7 0xCA
0xCB > 0xCA 0xC5 

0xD5 > 0xC7 0xD2 0xC5
0xD4 > 0xC7 0xD2
0xD3 > 0xD2 0xC5

0xE3 > 0xC7 0xE0 0xC5
0xE2 > 0xC7 0xE0
0xE1 > 0xE0 0xC5

0xE7 > 0xC7 0xE4 0xC5
0xE6 > 0xC7 0xE4
0xE5 > 0xE4 0xC5

0xEB > 0xC7 0xE8 0xC5
0xEA > 0xC7 0xE8
0xE9 > 0xE8 0xC5


0xD7 > 0xC4 0xD6
0xDB > 0xC4 0xDA

;================================================================================================================================================================================
;Legacy to Legacy Reordering
;================================================================================================================================================================================
pass(byte)
class[Cons]= (72 73 74 163 164 82 85 87 89 90  92 93 94 96 97 98 99 100 101 102 103 104 113 114 115 116 117 119 120 173 176 179 190 191 192 193 194)

class[lImatra]=(0xCA)
class[rImatra]=(0xD2)
class[reph]=(0xC7)
class[nasDot]=(0xC5)

;[reph]=reph [lImatra]=im [nasDot]=nd [Cons]=cons [rImatra]?=rim [reph]?=reph1 > @reph @reph1 @cons @im @nd
;[reph]=reph [lImatra]?=lim [nasDot]?=nd [Cons]=cons [rImatra]?=rim [reph]?=reph1 > @reph @reph1 @cons @lim @nd
;[reph]?=reph [lImatra]=lim [nasDot]?=nd [Cons]=cons [rImatra]?=rim [reph]?=reph1 > @reph @reph1 @cons @lim @nd


[reph]?=reph [lImatra]=lim [nasDot]?=nd [Cons]=cons <> @reph @cons @lim @nd
[Cons]=cons [reph]?=reph [rImatra]=rim [nasDot]?=nd <> @reph @cons @rim @nd

;================================================================================================================================================================================
;Legacy to Unicode Conversion 
;================================================================================================================================================================================

pass(Byte_Unicode)

byteclass[ctr]=(0..32)
uniclass[ctr]=(0..32)
byteclass[AdjSpace]=(0xEC..0xFF)

[AdjSpace] >
[ctr]   <>  [ctr]
0x2B 0xC9 <> 0xA86
0x2B 0xE8 <> 0xA8D
0x2B 0xE0 <> 0xA8F
0x2B 0xE4 <> 0xA90
0x2B 0xC9 0xE8 <> 0x891
0x2B 0xC9 0xE0 <> 0xA93
0x2B 0xC9 0xE4 <> 0xA94
0xC9 0xE8 <> 0xAC9
0xC9 0xE0 <> 0xACB
0xC9 0xE4 <> 0xACC
0xE8 <> 0xAC5


0x4C 0xC9	<>	0xA96 
0x4D 0xC9	<>	0xA96 0xACD 0xAB0 
0x4E 0xC9	<>	0xA97 
0x4F 0xC9	<>	0xA97 0xACD 0xAB0 
0x50 0xC9	<>	0xA98 
0x51 0xC9	<>	0xA98 0xACD 0xAB0 
0x53 0xC9	<>	0xA9A 
0x54 0xC9	<>	0xA9A 0xACD 0xAB0 
0x69 0xC9	<>	0xAA3 
0x6C 0xC9	<>	0xAA4 
0x6D 0xC9	<>	0xAA4 0xACD 0xAB0
0x6E 0xC9	<>	0xAA4 0xACD 0xAA4
0x6F 0xC9	<>	0xAA5 
0x70 0xC9	<>	0xAA5 0xACD 0xAB0
0x79 0xC9	<>	0xAA7 
0x7A 0xC9	<>	0xAA7 0xACD 0xAB0
0x7B 0xC9	<>	0xAA8 
0x7C 0xC9	<>	0xAA8 0xACD 0xAB0
0x7D 0xC9	<>	0xAA8 0xACD 0xAA8
0x7E 0xC9	<>	0xAAA 
0xA1 0xC9	<>	0xAAA 0xACD 0xAB0
0xA5 0xC9	<>	0xAAC 
0xA6 0xC9	<>	0xAAC 0xACD 0xAB0
0xA7 0xC9	<>	0xAAD 
0xA8 0xC9	<>	0xAAD 0xACD 0xAB0
0xA9 0xC9	<>	0xAAE 
0xAA 0xC9	<>	0xAAE 0xACD 0xAB0
0xAB 0xC9	<>	0xAAF 
0xB1 0xC9	<>	0xAB2 
0xB2 0xC9	<>	0xAB3 
0xB4 0xC9	<>	0xAB5 
0xB5 0xC9	<>	0xAB5 0xACD 0xAB0
0xB6 0xC9	<>	0xAB6 
0xB7 0xC9	<>	0xAB6 
0xB8 0xC9	<>	0xAB6 0xACD 0xAB0
0xB9 0xC9	<>     0xAB6 0xACD 0xAB5
0xBA 0xC9	<>	0xAB7 
0xBB 0xC9	<>	0xAB8 
0xBC 0xC9	<>	0xAB8 0xACD 0xAB0
0x20	<>	0x20
0x21	<>	0x21
0x22	<>	0x22
0x23	<>	0x25cc
0x25	<>	0xABD
0x26	<>	0xA83
0x27	<>	0x27
0x28	<>	0x28
0x29	<>	0x29
0x2A	<>	0x964
0x2B	<>	0xA85
0x2C	<>	0x2C
0x2D	<>	0x2D
0x2E	<>	0x2E
0x2F	<>	0x2F
0x30	<>	0x30
0x31	<>	0x31
0x32	<>	0x32
0x33	<>	0x33
0x34	<>	0x34
0x35	<>	0x35
0x36	<>	0x36
0x37	<>	0x37
0x38	<>	0x38
0x39	<>	0x39
0x3A	<>	0x3A
0x3B	<>	0x3B
0x3C	<>	0xA87
0x3D	<>	0xA87 0xA82
0x3E	<>	0xA88
0x3F	<>	0x3F
0x40	<>	0xA88 0xA82
0x41	<>	0xA89
0x42	<>	0xA89 0xA82
0x43	<>	0xA8A
0x44	<>	0xA8A 0xA82
0x45	<>	0xA8B
0x46	<>	0xAE0
0x47	<>	0xA95
0x48	<>	0xA95
0x49	<>	0xA95 0xACD 0xA95
0x4A	<>	0xA95 0xACD 0xAB0
0x4B	<>	0xA95 0xACD 0xAB7 0xACD
0x4C	<>	0xA96 0xACD
0x4D	<>	0xA96 0xACD 0xAB0 0xACD
0x4E	<>	0xA97 0xACD
0x4F	<>	0xA97 0xACD 0xAB0 0xACD
0x50	<>	0xA98 0xACD
0x51	<>	0xA98 0xACD 0xAB0 0xACD
0x52	<>	0xA99
0x53	<>	0xA9A 0xACD
0x54	<>	0xA9A 0xACD 0xAB0 0xACD
0x55	<>	0xA9B
0x56	<>	0xA9C 0xACD
0x57	<>	0xA9C
0x58	<>	0xA9C 0xABE
0x59	<>	0xA9C 0xAC0
0x5A	<>	0xA9C 0xACD 0xAB0
0x5B	<>	0xA9C 0xACD 0xA9E
0x5C	<>	0xA9D 0xACD
0x5D	<>	0xA9D
0x5E	<>	0xA9D 0xACD 0xAB0
0x5F	<>	0xA9D 0xACD
0x60	<>	0xA9F
0x61	<>	0xA9F 0xACD 0xA9F
0x62	<>	0xA9F 0xACD 0xAA0
0x63	<>	0xAA0
0x64	<>	0xAA0 0xACD 0xAA0
0x65	<>	0xAA1
0x66	<>	0xAA1 0xACD 0xAA1
0x67	<>	0xAA1 0xACD 0xAA2
0x68	<>	0xAA2
0x69	<>	0xAA3 0xACD
0x6A	<>	0xAA3 0xAC1
0x6B	<>	0xAA3 0xAC2
0x6C	<>	0xAA4 0xACD
0x6D	<>	0xAA4 0xACD 0xAB0
0x6E	<>	0xAA4 0xACD 0xAA4
0x6F	<>	0xAA5 0xACD
0x70	<>	0xAA5 0xACD 0xAB0
0x71	<>	0xAA6
0x72	<>	0xAA6 0xACD 0xAB0
0x73	<>	0xAAD 0xACD 0xAAE
0x74	<>	0xAA6 0xACD
0x75	<>	0xAA6 0xACD 0xAA7
0x76	<>	0xAA6 0xACD 0xAAF
0x77	<>	0xAA6 0xACD 0xAB5
0x78	<>	0x
0x79	<>	0xAA7 0xACD
0x7A	<>	0xAA7 0xACD 0xAB0
0x7B	<>	0xAA8 0xACD
0x7C	<>	0xAA8 0xACD 0xAB0
0x7D	<>	0xAA8 0xACD 0xAA8
0x7E	<>	0xAAA 0xACD
0x8A	<>	0xA97 0xACD 0xAA8
0x8B	<>	0xAA6 0xACD 0xAA8
0x8C	<>	0xAA4 0xACD 0xAA8
0x8D	<>	0xAB7 0xACD 0xA9F
0x8E	<>	0xAB7 0xACD 0xAA0
0x8F	<>	0xAB9 0xACD 0xAA8
0x90	<>	0xAB7 0xACD 0xA9F
0x91	<>	0xAB7 0xACD 0xAA0
0x92	<>	0xAB9
0x93	<>	0xAAA
0x94	<>	0xAB9 0xACD 0xAAF
0x95	<>	0xAB9 0xABC
0x96	<>	0xACD 0xAA6
0x97	<>	0xACD 0xAB0
0xA1	<>	0xAAA 0xACD 0xAB0
0xA2	<>	0xAAB
0xA3	<>	0xAAB
0xA4	<>	0xAAB 0xACD 0xAB0
0xA5	<>	0xAAC 0xACD
0xA6	<>	0xAAC 0xACD 0xAB0
0xA7	<>	0xAAD 0xACD
0xA8	<>	0xAAD 0xACD 0xAB0
0xA9	<>	0xAAE 0xACD
0xAA	<>	0xAAE 0xACD 0xAB0
0xAB	<>	0xAAF 0xACD
0xAC	<>	0xA9A
0xAD	<>	0xAB0
0xAE	<>	0xAB0 0xAC1
0xAF	<>	0xAB0 0xAC1
0xB0	<>	0xAB0 0xAC2
0xB1	<>	0xAB2 0xACD
0xB2	<>	0xAB3 0xACD
0xB3	<>	0xAB3
0xB4	<>	0xAB5 0xACD
0xB5	<>	0xAB5 0xACD 0xAB0
0xB6	<>	0xAB6 0xACD
0xB7	<>	0xAB6 0xACD
0xB8	<>	0xAB6 0xACD 0xAB0
0xB9	<>	0xAB6 0xACD 0xAB5 0xACD
0xBA	<>	0xAB7 0xACD
0xBB	<>	0xAB8 0xACD
0xBC	<>	0xAB8 0xACD 0xAB0
0xBD	<>	0xAB9 0xACD
0xBE	<>	0xAB9
0xBF	<>	0xAB9 0xACD 0xAB0
0xC0	<>	0xAB9 0xAC3
0xC1	<>	0xAB9 0xACD 0xAAE
0xC2	<>	0xAB9 0xACD 0xAAF
0xC3	<>	0xACD
0xC4	<>	0xACD 0xAB0
0xC5	<>	0xA82
0xC6	<>	0xA81
0xC7	<>	0xAB0 0xACD
0xC8	<>	0xAB0 0xACD 0xA82
0xC9	<>	0xABE
0xCA	<>	0xABF
0xCB	<>	0xABF 0xA82
0xD2	<>	0xAC0
0xD3	<>	0xAC0 0xA82
0xD6	<>	0xAC1
0xD7	<>	0x
0xD8	<>	0x
0xD9	<>	0x
0xDA	<>	0xAC2
0xDB	<>	0x
0xDC	<>	0x
0xDD	<>	0x
0xDE	<>	0xAC3
0xDF	<>	0x
0xE0	<>	0xAC7
0xE1	<>	0xAC7 0xA82
0xE2	<>	0x
0xE3	<>	0x
0xE4	<>	0xAC8
0xE5	<>	0xAC8 0xA82
0xE6	<>	0x
0xE7	<>	0x
0xE8	<>	0xAC5
0xE9	<>	0xAC5 0xA82
0xEA	<>	0x
0xEB	<>	0x

